------------------------------------------------------------
TimeQuest Timing Analyzer Summary
------------------------------------------------------------

Type  : Slow Model Setup 'CLOCK_50'
Slack : -2.606
TNS   : -79.716

Type  : Slow Model Setup 'I2C_AV_Config:u3|mI2C_CTRL_CLK'
Slack : -2.452
TNS   : -104.571

Type  : Slow Model Setup 'audio_clock:u4|oAUD_BCK'
Slack : -2.073
TNS   : -85.479

Type  : Slow Model Setup 'audio_clock:u4|LRCK_1X'
Slack : -0.392
TNS   : -5.603

Type  : Slow Model Setup 'p1|altpll_component|pll|clk[1]'
Slack : -0.107
TNS   : -0.214

Type  : Slow Model Hold 'CLOCK_50'
Slack : -2.524
TNS   : -2.524

Type  : Slow Model Hold 'audio_clock:u4|oAUD_BCK'
Slack : -0.569
TNS   : -11.384

Type  : Slow Model Hold 'p1|altpll_component|pll|clk[1]'
Slack : -0.118
TNS   : -0.236

Type  : Slow Model Hold 'I2C_AV_Config:u3|mI2C_CTRL_CLK'
Slack : 0.391
TNS   : 0.000

Type  : Slow Model Hold 'audio_clock:u4|LRCK_1X'
Slack : 0.514
TNS   : 0.000

Type  : Slow Model Recovery 'p1|altpll_component|pll|clk[1]'
Slack : -3.850
TNS   : -53.900

Type  : Slow Model Recovery 'audio_clock:u4|oAUD_BCK'
Slack : -1.342
TNS   : -16.028

Type  : Slow Model Removal 'audio_clock:u4|oAUD_BCK'
Slack : 1.836
TNS   : 0.000

Type  : Slow Model Removal 'p1|altpll_component|pll|clk[1]'
Slack : 3.625
TNS   : 0.000

Type  : Slow Model Minimum Pulse Width 'CLOCK_50'
Slack : -1.380
TNS   : -39.380

Type  : Slow Model Minimum Pulse Width 'I2C_AV_Config:u3|mI2C_CTRL_CLK'
Slack : -0.500
TNS   : -56.000

Type  : Slow Model Minimum Pulse Width 'audio_clock:u4|oAUD_BCK'
Slack : -0.500
TNS   : -46.000

Type  : Slow Model Minimum Pulse Width 'audio_clock:u4|LRCK_1X'
Slack : -0.500
TNS   : -32.000

Type  : Slow Model Minimum Pulse Width 'CLOCK_27'
Slack : 18.518
TNS   : 0.000

Type  : Slow Model Minimum Pulse Width 'p1|altpll_component|pll|clk[1]'
Slack : 26.777
TNS   : 0.000

Type  : Fast Model Setup 'CLOCK_50'
Slack : -0.712
TNS   : -17.807

Type  : Fast Model Setup 'audio_clock:u4|oAUD_BCK'
Slack : -0.565
TNS   : -20.428

Type  : Fast Model Setup 'I2C_AV_Config:u3|mI2C_CTRL_CLK'
Slack : -0.560
TNS   : -20.483

Type  : Fast Model Setup 'p1|altpll_component|pll|clk[1]'
Slack : -0.167
TNS   : -0.334

Type  : Fast Model Setup 'audio_clock:u4|LRCK_1X'
Slack : 0.053
TNS   : 0.000

Type  : Fast Model Hold 'CLOCK_50'
Slack : -1.570
TNS   : -1.570

Type  : Fast Model Hold 'audio_clock:u4|oAUD_BCK'
Slack : -0.688
TNS   : -18.829

Type  : Fast Model Hold 'p1|altpll_component|pll|clk[1]'
Slack : 0.052
TNS   : 0.000

Type  : Fast Model Hold 'I2C_AV_Config:u3|mI2C_CTRL_CLK'
Slack : 0.215
TNS   : 0.000

Type  : Fast Model Hold 'audio_clock:u4|LRCK_1X'
Slack : 0.237
TNS   : 0.000

Type  : Fast Model Recovery 'p1|altpll_component|pll|clk[1]'
Slack : -2.420
TNS   : -33.880

Type  : Fast Model Recovery 'audio_clock:u4|oAUD_BCK'
Slack : -0.556
TNS   : -6.414

Type  : Fast Model Removal 'audio_clock:u4|oAUD_BCK'
Slack : 1.299
TNS   : 0.000

Type  : Fast Model Removal 'p1|altpll_component|pll|clk[1]'
Slack : 2.305
TNS   : 0.000

Type  : Fast Model Minimum Pulse Width 'CLOCK_50'
Slack : -1.380
TNS   : -39.380

Type  : Fast Model Minimum Pulse Width 'I2C_AV_Config:u3|mI2C_CTRL_CLK'
Slack : -0.500
TNS   : -56.000

Type  : Fast Model Minimum Pulse Width 'audio_clock:u4|oAUD_BCK'
Slack : -0.500
TNS   : -46.000

Type  : Fast Model Minimum Pulse Width 'audio_clock:u4|LRCK_1X'
Slack : -0.500
TNS   : -32.000

Type  : Fast Model Minimum Pulse Width 'CLOCK_27'
Slack : 18.518
TNS   : 0.000

Type  : Fast Model Minimum Pulse Width 'p1|altpll_component|pll|clk[1]'
Slack : 26.777
TNS   : 0.000

------------------------------------------------------------
